Looking in indexes: https://download.pytorch.org/whl/cu118
Collecting torch==2.4.1
  Using cached https://download.pytorch.org/whl/cu118/torch-2.4.1%2Bcu118-cp312-cp312-win_amd64.whl (2695.4 MB)
Collecting torchvision==0.19.1
  Using cached https://download.pytorch.org/whl/cu118/torchvision-0.19.1%2Bcu118-cp312-cp312-win_amd64.whl (5.0 MB)
Collecting torchaudio==2.4.1
  Using cached https://download.pytorch.org/whl/cu118/torchaudio-2.4.1%2Bcu118-cp312-cp312-win_amd64.whl (4.0 MB)
Collecting filelock (from torch==2.4.1)
  Using cached https://download.pytorch.org/whl/filelock-3.13.1-py3-none-any.whl (11 kB)
Collecting typing-extensions>=4.8.0 (from torch==2.4.1)
  Using cached https://download.pytorch.org/whl/typing_extensions-4.9.0-py3-none-any.whl (32 kB)
Collecting sympy (from torch==2.4.1)
  Downloading https://download.pytorch.org/whl/sympy-1.13.1-py3-none-any.whl (6.2 MB)
     ---------------------------------------- 6.2/6.2 MB 269.0 kB/s eta 0:00:00
Collecting networkx (from torch==2.4.1)
  Using cached https://download.pytorch.org/whl/networkx-3.2.1-py3-none-any.whl (1.6 MB)
Collecting jinja2 (from torch==2.4.1)
  Downloading https://download.pytorch.org/whl/Jinja2-3.1.3-py3-none-any.whl (133 kB)
Collecting fsspec (from torch==2.4.1)
  Using cached https://download.pytorch.org/whl/fsspec-2024.2.0-py3-none-any.whl (170 kB)
Collecting setuptools (from torch==2.4.1)
  Downloading https://download.pytorch.org/whl/setuptools-70.0.0-py3-none-any.whl (863 kB)
     ------------------------------------ 863.4/863.4 kB 296.1 kB/s eta 0:00:00
Collecting numpy (from torchvision==0.19.1)
  Using cached https://download.pytorch.org/whl/numpy-1.26.3-cp312-cp312-win_amd64.whl (15.5 MB)
Collecting pillow!=8.3.*,>=5.3.0 (from torchvision==0.19.1)
  Using cached https://download.pytorch.org/whl/pillow-10.2.0-cp312-cp312-win_amd64.whl (2.6 MB)
Collecting MarkupSafe>=2.0 (from jinja2->torch==2.4.1)
  Downloading https://download.pytorch.org/whl/MarkupSafe-2.1.5-cp312-cp312-win_amd64.whl (17 kB)
Collecting mpmath<1.4,>=1.1.0 (from sympy->torch==2.4.1)
  Using cached https://download.pytorch.org/whl/mpmath-1.3.0-py3-none-any.whl (536 kB)
Saved c:\users\emia\desktop\pippkgs\torch-2.4.1+cu118-cp312-cp312-win_amd64.whl
Saved c:\users\emia\desktop\pippkgs\torchvision-0.19.1+cu118-cp312-cp312-win_amd64.whl
Saved c:\users\emia\desktop\pippkgs\torchaudio-2.4.1+cu118-cp312-cp312-win_amd64.whl
Saved c:\users\emia\desktop\pippkgs\pillow-10.2.0-cp312-cp312-win_amd64.whl
Saved c:\users\emia\desktop\pippkgs\typing_extensions-4.9.0-py3-none-any.whl
Saved c:\users\emia\desktop\pippkgs\filelock-3.13.1-py3-none-any.whl
Saved c:\users\emia\desktop\pippkgs\fsspec-2024.2.0-py3-none-any.whl
Saved c:\users\emia\desktop\pippkgs\jinja2-3.1.3-py3-none-any.whl
Saved c:\users\emia\desktop\pippkgs\networkx-3.2.1-py3-none-any.whl
Saved c:\users\emia\desktop\pippkgs\numpy-1.26.3-cp312-cp312-win_amd64.whl
Saved c:\users\emia\desktop\pippkgs\setuptools-70.0.0-py3-none-any.whl
Saved c:\users\emia\desktop\pippkgs\sympy-1.13.1-py3-none-any.whl
Saved c:\users\emia\desktop\pippkgs\markupsafe-2.1.5-cp312-cp312-win_amd64.whl
Saved c:\users\emia\desktop\pippkgs\mpmath-1.3.0-py3-none-any.whl
Successfully downloaded torch torchvision torchaudio pillow typing-extensions filelock fsspec jinja2 networkx numpy setuptools sympy MarkupSafe mpmath
